   WARN  This function does not cover all the possibilities!

      * Missing case : Data.Bool.false Data.Bool.true 

      /--[suite/issues/coverage/IncompleteBool.kind2:6:1]
      |
    5 |    
    6 |    Or (b: Data.Bool) (bo: Data.Bool) : Data.Bool
      |    v-
      |    \Here!
    7 |    Or Data.Bool.true  _          = Data.Bool.true


