   ERROR  Defined multiple times for the same name

      /--[suite/checker/fail/unbound/Unbound.kind2:2:5]
      |
    1 |    type Test (a: Type) ~ (b: Type) {
    2 |        trick (x: a) (xs: List a)
      |        v----
      |        \The first ocorrence
    3 |    }
      :     
    7 |        trick (x: a)
      |        v----
      |        \Second occorrence here!

      Hint: Rename one of the definitions or remove and look at how names work in Kind at https://github.com/Kindelia/Kind2/blob/master/guide/naming.md

   ERROR  Defined multiple times for the same name

      /--[suite/checker/fail/unbound/Unbound.kind2:1:6]
      |
    1 |    type Test (a: Type) ~ (b: Type) {
      |         v---
      |         \The first ocorrence
    2 |        trick (x: a) (xs: List a)
    3 |    }
      :     
    6 |    type Test (b: Type) {
      |         v---
      |         \Second occorrence here!

      Hint: Rename one of the definitions or remove and look at how names work in Kind at https://github.com/Kindelia/Kind2/blob/master/guide/naming.md

