ctr {USaeFJLF9ugE head tail}
ctr {elNhOG2o_j4N fst snd}
ctr {QfIbR9TgcoZc}

fun (Test n) {
  (Test ~) = (!@x1 (!@x1.0 (T0Fu9pW_avGi x1.0 @x2 (!@x2.0 @~ (xNjG8UGUAGaO x2.0 #1 @~ @~ #2) x2)) x1) {elNhOG2o_j4N {USaeFJLF9ugE #84 {USaeFJLF9ugE #101 {USaeFJLF9ugE #115 {USaeFJLF9ugE #116 {USaeFJLF9ugE #101 {QfIbR9TgcoZc}}}}}} #0})
}

fun (T0Fu9pW_avGi scrutinee new_) {
  (T0Fu9pW_avGi {elNhOG2o_j4N x0 x1} x2) = (!@x2.0 (!@x1.0 (!@x0.0 (!(!x2.0 x0.0) x1.0) x0) x1) x2)
}

fun (xNjG8UGUAGaO scrutinee nil_ cons_) {
  (xNjG8UGUAGaO {QfIbR9TgcoZc} x0 ~) = (!@x0.0 x0.0 x0)
  (xNjG8UGUAGaO {USaeFJLF9ugE x0 x1} ~ x3) = (!@x3.0 (!@x1.0 (!@x0.0 (!(!x3.0 x0.0) x1.0) x0) x1) x3)
}

