ctr {zsfQr6_MzW7G h t}

fun (9rVKCpdXApqm hi lo) {
  (9rVKCpdXApqm x0 x1) = (!@x1.0 (!@x0.0 (| (<< x0.0 #60) x1.0) x0) x1)
}

fun (TestFunc xs) {
  (TestFunc {zsfQr6_MzW7G ~ x1}) = (!@x1.0 (!@x2 dup c.0 x2.0 = x2; dup x2.1 x2.2 = c.0; (!@x3 (!@x3.0 (!@~ {zsfQr6_MzW7G {w4Xd4rma6YBa x2.0 x3.0} x1.0} #4) x3) {w4Xd4rma6YBa x2.1 x2.2}) #2) x1)
}

