   ERROR  Required functions are not implemented for this type.

      /--[suite/checker/fail/SimpleOpenNoDerive.kind2:9:5]
      |
      |  / 
    9 |  |     open Pudim n
   10 |  |     n.owo
      :  |  
      :  \ You cannot use this expression! 

      Hint: You must implement 'open' in order to use the open notation (or derive open with #derive[open]).

