[4mType mismatch[0m
- Expected: Type
- Detected: t
[4mKind.Context:[0m
- t : Type
- g : t
- h : t
[4mOn '{{#F0F#}}':[0m
{{#R0:1364:1365R#}}

[4mType mismatch[0m
- Expected: ((concat a) b)
- Detected: a
[4mKind.Context:[0m
- t      : Type
- concat : ((g: t) -> ((h: t) -> g))
- a      : t
- b      : t
- c      : t
[4mOn '{{#F0F#}}':[0m
{{#R0:1471:1492R#}}

[4mType mismatch[0m
- Expected: t
- Detected: b
[4mKind.Context:[0m
- t      : Type
- concat : ((g: t) -> ((h: t) -> g))
- a      : t
- b      : t
- c      : t
[4mOn '{{#F0F#}}':[0m
{{#R0:1481:1491R#}}

[4mType mismatch[0m
- Expected: t
- Detected: a
[4mKind.Context:[0m
- t      : Type
- concat : ((g: t) -> ((h: t) -> g))
- a      : t
- b      : t
- c      : t
[4mOn '{{#F0F#}}':[0m
{{#R0:1455:1465R#}}

