// List.nil -(a: Type) : (List _)
ctr {List_nil}

// List.cons -(a: Type) (head: a) (tail: (List a)) : (List _)
ctr {List_cons head tail}

// Ora.Ora.ora -(a: Type) (h: (List a)) : (List a)
fun (Ora_Ora_ora h) {
  (Ora_Ora_ora {List_nil}) =
    {List_nil}
  (Ora_Ora_ora {List_cons x xs}) =
    {List_cons x xs}
}

fun (Null0_0_ x0 x1 x2 x3) {
  (Null0_0_ ~ ~ ~ {List_cons ~ ~}) =
    {List_nil}
}

fun (Null0_1_ x0 x1) {
  (Null0_1_ {List_cons ~ ~} ~) =
    {List_nil}
}

fun (Null0_ x0 x1) {
  (Null0_ {List_cons y ys} {List_cons x .0}) =
    (Null0_0_ y ys x .0)
  (Null0_ {List_nil} {List_cons .0 xs}) =
    (Null0_1_ .0 xs)
}

// Null -(a: Type) (h: (List (List a))) : (List a)
fun (Null h) {
  (Null {List_cons .0 .1}) =
    (Null0_ .0 .1)
}

