Namespace for "Algebra.Group.concat" has more than 11 characters.
Namespace for "Algebra.Group.new" has more than 11 characters.
Namespace for "Algebra.Monoid.concat" has more than 11 characters.
Namespace for "Algebra.Monoid.new" has more than 11 characters.
Namespace for "Algebra.Semigroup.concat" has more than 11 characters.
Namespace for "Algebra.Semigroup.new" has more than 11 characters.
Namespace for "Algebra.Magma.concat" has more than 11 characters.
Namespace for "Algebra.Magma.new" has more than 11 characters.
Namespace for "Algebra.Monoid.empty" has more than 11 characters.