// List.nil -(a: Type) : (List _)
ctr {List_nil}

// List.cons -(a: Type) (head: a) (tail: (List a)) : (List _)
ctr {List_cons head tail}

// Ora.Ora.ora (h: (List U60)) : (List U60)
fun (Ora_Ora_ora h) {
  (Ora_Ora_ora {List_cons ~ xs}) =
    let a = #2;
    let b = #3;
    let c = #4;
    let ~ = (+ c b);
    {List_cons a xs}
}

