   INFO  Inspection

      * Hole: (Assert (Data.Nat.count_layers n 1)) 

      * Context
      * n : Data.Nat 

      /--[suite/issues/checker/HvmReducesTooMuch.kind2:14:34]
      |
   13 |    Beq_nat_refl (n: Data.Nat) : Assert (Data.Nat.count_layers n 0)
   14 |    Beq_nat_refl (Data.Nat.succ n) = ?
      |                                     v
      |                                     \Here!


