   INFO  Inspection

      * Hole: Data.U60 

      * Context
      * n     : (Data.Pair Data.U60 Data.U60) 
      * n.fst : Data.U60 
      * n.snd : Data.U60 

      /--[suite/issues/checker/ISSUE-457.kind2:10:16]
      |
    9 |        match Data.Pair n {
   10 |            new => ?
      |                   v
      |                   \Here!
   11 |        }


   INFO  Inspection

      * Hole: Data.U60 

      * Context
      * n     : (Data.Pair Data.U60 Data.U60) 
      * n.fst : Data.U60 
      * n.snd : Data.U60 

      /--[suite/issues/checker/ISSUE-457.kind2:17:5]
      |
   16 |        open Data.Pair n
   17 |        ?
      |        v
      |        \Here!
   18 |    


   INFO  Inspection

      * Hole: Data.U60 

      * Context
      * n   : (Data.Pair Data.U60 Data.U60) 
      * fst : Data.U60 
      * snd : Data.U60 

      /--[suite/issues/checker/ISSUE-457.kind2:22:5]
      |
   21 |        let Data.Pair.new fst snd = n
   22 |        ?
      |        v
      |        \Here!
   23 |    


