   INFO  Inspection

      * Hole: U60 

      * Context
      * awoo     : Type 
      * awoo     = U60 
      * uuuhuuul : (List awoo) 
      * uuuhuuul = (List.nil awoo) 
      * ooooooo  : (List U60) 
      * ooooooo  = uuuhuuul 

      /--[suite/issues/checker/ISSUE-461.kind2:11:5]
      |
   10 |        let ooooooo  = specialize awoo into #0 in uuuhuuul
   11 |        ?
      |        v
      |        \Here!


