   INFO  Inspection

      * Hole: Data.U60 

      * Context
      * awoo     : Type 
      * awoo     = Data.U60 
      * uuuhuuul : (Data.List awoo) 
      * uuuhuuul = (Data.List.nil awoo) 
      * ooooooo  : (Data.List Data.U60) 
      * ooooooo  = uuuhuuul 

      /--[suite/issues/checker/ISSUE-461.kind2:11:5]
      |
   10 |        let ooooooo  = specialize awoo into #0 in uuuhuuul
   11 |        ?
      |        v
      |        \Here!


