   ERROR  Data constructors cannot return function types.

      /--[suite/issues/checker/MatchDerivationWithAll.kind2:3:10]
      |
    2 |    type WithCtx (a: Type) { 
    3 |        new: Data.U60 -> (WithCtx a)
      |             v----------------------
      |             \Here!
    4 |    }

      Hint: Change all of the function types sequence for explicit arguments like 'cons : x -> T' to 'cons (name: x) : T'

   ERROR  This is not the type that is being declared.

      /--[suite/issues/checker/MatchDerivationWithAll.kind2:2:6]
      |
    2 |    type WithCtx (a: Type) { 
      |         v------
      |         \This is the type that should be used instead
      :     
    3 |        new: Data.U60 -> (WithCtx a)
      |             v----------------------
      |             \This is not the type that is being declared
    4 |    }


