   ERROR  Data constructors cannot return function types.

      /--[suite/issues/checker/MatchDerivationWithAll.kind2:3:10]
      |
    2 |    type WithCtx (a: Type) { 
    3 |        new: Data.U60 -> (WithCtx a)
      |             v----------------------
      |             \Here!
    4 |    }

      Hint: Change all of the function types sequence for explicit arguments like 'cons : x -> T' to 'cons (name: x) : T'

