   INFO  Inspection

      * Hole: (Equal _ 2n 5n) 


      /--[suite/issues/checker/U60ToNatDoesNotReduce.kind2:30:17]
      |
   29 |    Test_anon_fun : (Equal  (Data.Nat.succ (Data.Nat.succ (Data.Nat.zero))) (Data.U60.to_nat 5))
   30 |    Test_anon_fun = ?
      |                    v
      |                    \Here!
   31 |    


