   ERROR  Required functions are not implemented for this type.

      /--[tests/suite/checker/derive/fail/WrongU120.kind2:5:12]
      |
    4 |    
    5 |    Teste : Eq 123u120 124u120
      |               v------
      |               \You cannot use this expression!
    6 |    Teste = Eq.rfl

      Hint: You must implement 'U120.new' in order to use the u120 notation.

   ERROR  Required functions are not implemented for this type.

      /--[tests/suite/checker/derive/fail/WrongU120.kind2:5:20]
      |
    4 |    
    5 |    Teste : Eq 123u120 124u120
      |                       v------
      |                       \You cannot use this expression!
    6 |    Teste = Eq.rfl

      Hint: You must implement 'U120.new' in order to use the u120 notation.

