   ERROR  Defined multiple times for the same name

      /--[suite/checker/derive/fail/RepeatedDef.kind2:2:5]
      |
    1 |    type Data.Nat {
    2 |        zero
      |        v---
      |        \The first ocorrence
    3 |        succ
      :     
    6 |    Data.Nat.zero : Data.U60
      |    v------------
      |    \Second occorrence here!

      Hint: Rename one of the definitions or remove and look at how names work in Kind at https://github.com/Kindelia/Kind2/blob/master/guide/naming.md

