   ERROR  Type mismatch

      * Got      : (Eq _ (U120.new 0 123) (U120.new 0 123)) 
      * Expected : (Eq _ (U120.new 0 123) (U120.new 0 124)) 


      /--[suite/checker/derive/fail/WrongU120Eq.kind2:12:9]
      |
   11 |    Teste : Eq 123u120 124u120
   12 |    Teste = Eq.rfl
      |            v-----
      |            \Here!


