   ERROR  Cannot find the definition 'User.new.open'.

      /--[tests/suite/checker/derive/fail/Repeated.kind2:10:9]
      |
    9 |    Main = 
   10 |        let User.new (ttt = e) e .. = User.new 2 4 1
      |            v-------
      |            \Here!
      :     
   11 |        let User.new (ttt = f)  ttt = User.new 6 7 3
      |            v-------
      |            \Here!
   12 |        e

      Hint: Maybe you're looking for 'User.new'

