   ERROR  Unexpected token ':'.

      /--[tests/suite/checker/derive/Algebra.kind2:1:69]
      |
    1 |    Algebra.Group.new <t: Type> (monoid: (Algebra.Monoid t)) (invert: (_: t) t) (inverse: (Algebra.Laws.Inverse t (Algebra.Monoid.concat _ monoid) invert (Algebra.Monoid.empty _ monoid))) : (Algebra.Group t)
      |                                                                        v
      |                                                                        \Here!
    2 |    
    3 |    Algebra.Group (t: Type) : Type


